# Tests that a graph can be created

# Create a graph
created graph empty_graph

# Print all the nodes contained in the graph
empty_graph contains: