Menu:
r to find a route
b to see a list of all buildings
q to quit

Enter an option ('m' to see the menu): # Test Unknown Buildings
Abbreviated name of starting building: Abbreviated name of ending building: Unknown building FOO
Unknown building BAR

Enter an option ('m' to see the menu):
# terminate the program